原始内容 (repr):
'BlockBeats 消息，12 月 24 日，日本央行 10 月政策会议纪要显示，一名委员表示，企业与家庭的通胀预期已达到 2%，必须警惕价格上涨风险。一名委员称，财政政策是设定经济和物价预测的重要因素。\n\n\n\n\n少数委员指出，核心通胀正在逐步加速但尚未达到 2%。一名委员表示，日本有望在明年春季实现日本央行的物价目标，届时可能需要工资增长以达成目标。\n\n\n\n\n几位委员表示，日元贬值可能通过推高进口价格，导致通胀超调。（华尔街见闻）'

原始内容统计:
  换行符数量: 10
  双换行数量: 4

方案1 清洗后 (repr):
'BlockBeats 消息，12 月 24 日，日本央行 10 月政策会议纪要显示，一名委员表示，企业与家庭的通胀预期已达到 2%，必须警惕价格上涨风险。一名委员称，财政政策是设定经济和物价预测的重要因素。\n少数委员指出，核心通胀正在逐步加速但尚未达到 2%。一名委员表示，日本有望在明年春季实现日本央行的物价目标，届时可能需要工资增长以达成目标。\n几位委员表示，日元贬值可能通过推高进口价格，导致通胀超调。（华尔街见闻）'

方案1 统计:
  换行符数量: 2
  双换行数量: 0

方案2 (更激进) 清洗后 (repr):
'BlockBeats 消息，12 月 24 日，日本央行 10 月政策会议纪要显示，一名委员表示，企业与家庭的通胀预期已达到 2%，必须警惕价格上涨风险。一名委员称，财政政策是设定经济和物价预测的重要因素。\n少数委员指出，核心通胀正在逐步加速但尚未达到 2%。一名委员表示，日本有望在明年春季实现日本央行的物价目标，届时可能需要工资增长以达成目标。\n几位委员表示，日元贬值可能通过推高进口价格，导致通胀超调。（华尔街见闻）'

方案2 统计:
  换行符数量: 2
  双换行数量: 0

=== 方案1 显示效果 ===
BlockBeats 消息，12 月 24 日，日本央行 10 月政策会议纪要显示，一名委员表示，企业与家庭的通胀预期已达到 2%，必须警惕价格上涨风险。一名委员称，财政政策是设定经济和物价预测的重要因素。
少数委员指出，核心通胀正在逐步加速但尚未达到 2%。一名委员表示，日本有望在明年春季实现日本央行的物价目标，届时可能需要工资增长以达成目标。
几位委员表示，日元贬值可能通过推高进口价格，导致通胀超调。（华尔街见闻）

=== 方案2 显示效果 ===
BlockBeats 消息，12 月 24 日，日本央行 10 月政策会议纪要显示，一名委员表示，企业与家庭的通胀预期已达到 2%，必须警惕价格上涨风险。一名委员称，财政政策是设定经济和物价预测的重要因素。
少数委员指出，核心通胀正在逐步加速但尚未达到 2%。一名委员表示，日本有望在明年春季实现日本央行的物价目标，届时可能需要工资增长以达成目标。
几位委员表示，日元贬值可能通过推高进口价格，导致通胀超调。（华尔街见闻）
